../Core/Src/main.c:81:5:main	8	static
../Core/Src/main.c:137:6:SystemClock_Config	88	static
../Core/Src/main.c:184:13:MX_CAN1_Init	8	static
../Core/Src/main.c:221:13:MX_TIM6_Init	16	static
../Core/Src/main.c:259:13:MX_GPIO_Init	48	static
../Core/Src/main.c:289:6:CAN1_Init	8	static
../Core/Src/main.c:312:6:CAN1_Tx	40	static
../Core/Src/main.c:337:6:CAN1_Filter_Config	48	static
../Core/Src/main.c:359:6:send_response	48	static
../Core/Src/main.c:376:6:LED_output	16	static
../Core/Src/main.c:409:6:HAL_CAN_TxMailbox0CompleteCallback	16	static
../Core/Src/main.c:415:6:HAL_CAN_TxMailbox1CompleteCallback	16	static
../Core/Src/main.c:421:6:HAL_CAN_TxMailbox2CompleteCallback	16	static
../Core/Src/main.c:427:6:HAL_CAN_RxFifo0MsgPendingCallback	24	static
../Core/Src/main.c:460:6:HAL_TIM_PeriodElapsedCallback	48	static
../Core/Src/main.c:496:6:Error_Handler	4	static,ignoring_inline_asm
